../drivers/src/dshot.c:38:6:hal_dshot_init	16	static
../drivers/src/dshot.c:45:6:hal_dshot_write	16	static
../drivers/src/dshot.c:55:17:dshot_choose_type	16	static
../drivers/src/dshot.c:72:13:dshot_set_timer	32	static
../drivers/src/dshot.c:99:13:dshot_dma_tc_callback	24	static
../drivers/src/dshot.c:121:13:dshot_put_tc_callback_function	4	static
../drivers/src/dshot.c:130:13:dshot_start_pwm	8	static
../drivers/src/dshot.c:140:17:dshot_prepare_packet	32	static
../drivers/src/dshot.c:164:13:dshot_prepare_dmabuffer	24	static
../drivers/src/dshot.c:179:13:dshot_prepare_dmabuffer_all	16	static
../drivers/src/dshot.c:187:13:dshot_dma_start	8	static
../drivers/src/dshot.c:195:13:dshot_enable_dma_request	4	static
