../drivers/src/nvic.c:48:6:nvicInit	4	static
../drivers/src/nvic.c:58:19:SysTick_Handler	8	static
../drivers/src/nvic.c:97:19:NMI_Handler	4	static
../drivers/src/nvic.c:104:19:HardFault_Handler	4	static,ignoring_inline_asm
../drivers/src/nvic.c:120:19:printHardFault	16	static
../drivers/src/nvic.c:189:19:BusFault_Handler	4	static
../drivers/src/nvic.c:203:19:UsageFault_Handler	4	static
../drivers/src/nvic.c:219:19:DebugMon_Handler	4	static
../drivers/src/nvic.c:223:6:DMA1_Stream2_IRQHandler	8	static
../drivers/src/nvic.c:231:6:DMA1_Stream4_IRQHandler	8	static
../drivers/src/nvic.c:239:6:DMA1_Stream5_IRQHandler	8	static
../drivers/src/nvic.c:247:6:DMA1_Stream7_IRQHandler	8	static
../drivers/src/nvic.c:253:6:TIM4_IRQHandler	8	static
../drivers/src/nvic.c:259:6:DMA2_Stream2_IRQHandler	8	static
