../hal/src/sensors_mpu9250_bmp280.c:165:6:sensorsMpu9250Bmp280ReadGyro	16	static
../hal/src/sensors_mpu9250_bmp280.c:169:6:sensorsMpu9250Bmp280ReadAcc	16	static
../hal/src/sensors_mpu9250_bmp280.c:173:6:sensorsMpu9250Bmp280ReadMag	16	static
../hal/src/sensors_mpu9250_bmp280.c:177:6:sensorsMpu9250Bmp280ReadBaro	16	static
../hal/src/sensors_mpu9250_bmp280.c:181:6:sensorsMpu9250Bmp280Acquire	16	static
../hal/src/sensors_mpu9250_bmp280.c:189:6:sensorsMpu9250Bmp280AreCalibrated	4	static
../hal/src/sensors_mpu9250_bmp280.c:194:13:sensorsTask	64	static
../hal/src/sensors_mpu9250_bmp280.c:247:6:sensorsMpu9250Bmp280WaitDataReady	8	static
../hal/src/sensors_mpu9250_bmp280.c:251:6:processAccGyroMeasurements	32	static
../hal/src/sensors_mpu9250_bmp280.c:284:13:processBarometerMeasurements	24	static
../hal/src/sensors_mpu9250_bmp280.c:293:13:sensorsDeviceInit	16	static
../hal/src/sensors_mpu9250_bmp280.c:322:13:sensorsTaskInit	24	static
../hal/src/sensors_mpu9250_bmp280.c:333:13:sensorsInterruptInit	40	static
../hal/src/sensors_mpu9250_bmp280.c:352:6:sensorsMpu9250Bmp280Init	8	static
../hal/src/sensors_mpu9250_bmp280.c:364:6:sensorsMpu9250Bmp280Test	16	static
../hal/src/sensors_mpu9250_bmp280.c:410:13:processAccScale	72	static
../hal/src/sensors_mpu9250_bmp280.c:437:13:processGyroBias	24	static
../hal/src/sensors_mpu9250_bmp280.c:452:13:sensorsBiasObjInit	16	static
../hal/src/sensors_mpu9250_bmp280.c:458:13:sensorsCalculateVarianceAndMean	208	static
../hal/src/sensors_mpu9250_bmp280.c:485:35:sensorsCalculateBiasMean	32	static
../hal/src/sensors_mpu9250_bmp280.c:501:13:sensorsAddBiasValue	24	static
../hal/src/sensors_mpu9250_bmp280.c:514:13:sensorsFindBiasValue	32	static
../hal/src/sensors_mpu9250_bmp280.c:540:6:sensorsMpu9250Bmp280ManufacturingTest	80	static
../hal/src/sensors_mpu9250_bmp280.c:591:28:EXTI1_IRQHandler	16	static,ignoring_inline_asm
../hal/src/sensors_mpu9250_bmp280.c:611:13:sensorsAlignToAirframe	16	static
../hal/src/sensors_mpu9250_bmp280.c:659:6:sensorsMpu9250Bmp280SetAccMode	24	static
../hal/src/sensors_mpu9250_bmp280.c:680:13:applyAxis3fLpf	32	static
