../hal/src/sensors_mpu6500_bmp280.c:167:6:sensorsMpu6500Bmp280ReadGyro	16	static
../hal/src/sensors_mpu6500_bmp280.c:171:6:sensorsMpu6500Bmp280ReadAcc	16	static
../hal/src/sensors_mpu6500_bmp280.c:175:6:sensorsMpu6500Bmp280ReadMag	16	static
../hal/src/sensors_mpu6500_bmp280.c:179:6:sensorsMpu6500Bmp280ReadBaro	16	static
../hal/src/sensors_mpu6500_bmp280.c:183:6:sensorsMpu6500Bmp280Acquire	16	static
../hal/src/sensors_mpu6500_bmp280.c:191:6:sensorsMpu6500Bmp280AreCalibrated	4	static
../hal/src/sensors_mpu6500_bmp280.c:196:13:sensorsTask	64	static
../hal/src/sensors_mpu6500_bmp280.c:249:6:sensorsMpu6500Bmp280WaitDataReady	8	static
../hal/src/sensors_mpu6500_bmp280.c:253:6:processAccGyroMeasurements	32	static
../hal/src/sensors_mpu6500_bmp280.c:286:13:processBarometerMeasurements	24	static
../hal/src/sensors_mpu6500_bmp280.c:295:13:sensorsDeviceInit	16	static
../hal/src/sensors_mpu6500_bmp280.c:330:13:sensorsTaskInit	24	static
../hal/src/sensors_mpu6500_bmp280.c:341:13:sensorsInterruptInit	40	static
../hal/src/sensors_mpu6500_bmp280.c:360:6:sensorsMpu6500Bmp280Init	8	static
../hal/src/sensors_mpu6500_bmp280.c:376:6:sensorsMpu6500Bmp280Test	16	static
../hal/src/sensors_mpu6500_bmp280.c:422:13:processAccScale	72	static
../hal/src/sensors_mpu6500_bmp280.c:449:13:processGyroBias	24	static
../hal/src/sensors_mpu6500_bmp280.c:464:13:sensorsBiasObjInit	16	static
../hal/src/sensors_mpu6500_bmp280.c:470:13:sensorsCalculateVarianceAndMean	208	static
../hal/src/sensors_mpu6500_bmp280.c:497:35:sensorsCalculateBiasMean	32	static
../hal/src/sensors_mpu6500_bmp280.c:513:13:sensorsAddBiasValue	24	static
../hal/src/sensors_mpu6500_bmp280.c:526:13:sensorsFindBiasValue	32	static
../hal/src/sensors_mpu6500_bmp280.c:552:6:sensorsMpu6500Bmp280ManufacturingTest	80	static
../hal/src/sensors_mpu6500_bmp280.c:603:35:EXTI1_IRQHandler	16	static,ignoring_inline_asm
../hal/src/sensors_mpu6500_bmp280.c:623:13:sensorsAlignToAirframe	16	static
../hal/src/sensors_mpu6500_bmp280.c:671:6:sensorsMpu6500Bmp280SetAccMode	24	static
../hal/src/sensors_mpu6500_bmp280.c:692:13:applyAxis3fLpf	32	static
