../FreeRTOS/tasks.c:568:18:xTaskCreateStatic	56	static
../FreeRTOS/tasks.c:721:16:xTaskCreate	56	static
../FreeRTOS/tasks.c:812:13:prvInitialiseNewTask	32	static
../FreeRTOS/tasks.c:1063:13:prvAddNewTaskToReadyList	16	static,ignoring_inline_asm
../FreeRTOS/tasks.c:1149:10:vTaskDelete	24	static,ignoring_inline_asm
../FreeRTOS/tasks.c:1244:10:vTaskDelayUntil	32	static,ignoring_inline_asm
../FreeRTOS/tasks.c:1329:10:vTaskDelay	24	static,ignoring_inline_asm
../FreeRTOS/tasks.c:1374:16:eTaskGetState	40	static
../FreeRTOS/tasks.c:1471:17:uxTaskPriorityGet	24	static
../FreeRTOS/tasks.c:1493:17:uxTaskPriorityGetFromISR	40	static,ignoring_inline_asm
../FreeRTOS/tasks.c:1533:10:vTaskPrioritySet	32	static,ignoring_inline_asm
../FreeRTOS/tasks.c:1699:10:vTaskSuspend	24	static,ignoring_inline_asm
../FreeRTOS/tasks.c:1805:23:prvTaskIsTaskSuspended	24	static
../FreeRTOS/tasks.c:1851:10:vTaskResume	24	static,ignoring_inline_asm
../FreeRTOS/tasks.c:1905:16:xTaskResumeFromISR	40	static,ignoring_inline_asm
../FreeRTOS/tasks.c:1975:6:vTaskStartScheduler	48	static,ignoring_inline_asm
../FreeRTOS/tasks.c:2099:6:vTaskEndScheduler	16	static,ignoring_inline_asm
../FreeRTOS/tasks.c:2110:6:vTaskSuspendAll	4	static,ignoring_inline_asm
../FreeRTOS/tasks.c:2194:12:xTaskResumeAll	24	static,ignoring_inline_asm
../FreeRTOS/tasks.c:2305:12:xTaskGetTickCount	16	static
../FreeRTOS/tasks.c:2320:12:xTaskGetTickCountFromISR	16	static
../FreeRTOS/tasks.c:2351:13:uxTaskGetNumberOfTasks	4	static
../FreeRTOS/tasks.c:2359:8:pcTaskGetName	24	static
../FreeRTOS/tasks.c:2506:17:uxTaskGetSystemState	32	static
../FreeRTOS/tasks.c:2581:18:xTaskGetIdleTaskHandle	8	static
../FreeRTOS/tasks.c:2611:12:xTaskCatchUpTicks	24	static
../FreeRTOS/tasks.c:2709:12:xTaskIncrementTick	32	static
../FreeRTOS/tasks.c:2884:10:vTaskSetApplicationTaskTag	24	static
../FreeRTOS/tasks.c:2914:24:xTaskGetApplicationTaskTag	24	static
../FreeRTOS/tasks.c:2938:24:xTaskGetApplicationTaskTagFromISR	40	static,ignoring_inline_asm
../FreeRTOS/tasks.c:2963:16:xTaskCallApplicationTaskHook	24	static
../FreeRTOS/tasks.c:2994:6:vTaskSwitchContext	24	static,ignoring_inline_asm
../FreeRTOS/tasks.c:3070:6:vTaskPlaceOnEventList	16	static
../FreeRTOS/tasks.c:3088:6:vTaskPlaceOnUnorderedEventList	24	static
../FreeRTOS/tasks.c:3116:10:vTaskPlaceOnEventListRestricted	24	static
../FreeRTOS/tasks.c:3149:12:xTaskRemoveFromEventList	24	static
../FreeRTOS/tasks.c:3217:6:vTaskRemoveFromUnorderedEventList	24	static
../FreeRTOS/tasks.c:3266:6:vTaskSetTimeOutState	16	static
../FreeRTOS/tasks.c:3278:6:vTaskInternalSetTimeOutState	16	static
../FreeRTOS/tasks.c:3286:12:xTaskCheckForTimeOut	32	static
../FreeRTOS/tasks.c:3351:6:vTaskMissedYield	4	static
../FreeRTOS/tasks.c:3359:17:uxTaskGetTaskNumber	24	static
../FreeRTOS/tasks.c:3382:10:vTaskSetTaskNumber	24	static
../FreeRTOS/tasks.c:3407:8:prvIdleTask	16	static
../FreeRTOS/tasks.c:3632:13:prvInitialiseTaskLists	16	static
../FreeRTOS/tasks.c:3664:13:prvCheckTasksWaitingTermination	16	static
../FreeRTOS/tasks.c:3694:10:vTaskGetInfo	32	static
../FreeRTOS/tasks.c:3793:24:prvListTasksWithinSingleList	48	static
../FreeRTOS/tasks.c:3828:35:prvTaskCheckFreeStackSpace	24	static
../FreeRTOS/tasks.c:3888:17:uxTaskGetStackHighWaterMark	32	static
../FreeRTOS/tasks.c:3916:17:prvDeleteTCB	16	static
../FreeRTOS/tasks.c:3972:13:prvResetNextTaskUnblockTime	4	static
../FreeRTOS/tasks.c:3995:18:xTaskGetCurrentTaskHandle	16	static
../FreeRTOS/tasks.c:4012:16:xTaskGetSchedulerState	16	static
../FreeRTOS/tasks.c:4040:16:xTaskPriorityInherit	24	static
../FreeRTOS/tasks.c:4130:16:xTaskPriorityDisinherit	24	static
../FreeRTOS/tasks.c:4210:10:vTaskPriorityDisinheritAfterTimeout	32	static
../FreeRTOS/tasks.c:4635:12:uxTaskResetEventItemValue	16	static
../FreeRTOS/tasks.c:4651:18:pvTaskIncrementMutexHeldCount	4	static
../FreeRTOS/tasks.c:4668:14:ulTaskGenericNotifyTake	32	static,ignoring_inline_asm
../FreeRTOS/tasks.c:4740:16:xTaskGenericNotifyWait	32	static,ignoring_inline_asm
../FreeRTOS/tasks.c:4826:16:xTaskGenericNotify	40	static,ignoring_inline_asm
../FreeRTOS/tasks.c:4949:16:xTaskGenericNotifyFromISR	56	static,ignoring_inline_asm
../FreeRTOS/tasks.c:5088:10:vTaskGenericNotifyGiveFromISR	48	static,ignoring_inline_asm
../FreeRTOS/tasks.c:5177:16:xTaskGenericNotifyStateClear	24	static
../FreeRTOS/tasks.c:5211:14:ulTaskGenericNotifyValueClear	32	static
../FreeRTOS/tasks.c:5239:14:ulTaskGetIdleRunTimeCounter	4	static
../FreeRTOS/tasks.c:5247:13:prvAddCurrentTaskToDelayedList	24	static
