../modules/src/system.c:64:6:systemLaunch	24	static
../modules/src/system.c:68:6:systemInit	8	static
../modules/src/system.c:80:6:systemTest	16	static
../modules/src/system.c:87:6:systemTask	24	static
../modules/src/system.c:197:6:systemStart	8	static
../modules/src/system.c:201:6:systemWaitStart	8	static
../modules/src/system.c:211:6:vApplicationIdleHook	16	static
../modules/src/system.c:228:10:vApplicationStackOverflowHook	16	static
../modules/src/system.c:239:6:vApplicationMallocFailedHook	4	static
