D:/STM32_AIFRARM/STM_Tutorial/FreeRTOSTest/utils/inc/cf_math.h:55:20:assert_aligned_4_bytes	24	static
D:/STM32_AIFRARM/STM_Tutorial/FreeRTOSTest/utils/inc/cf_math.h:60:20:mat_trans	24	static
D:/STM32_AIFRARM/STM_Tutorial/FreeRTOSTest/utils/inc/cf_math.h:76:20:mat_mult	32	static
D:/STM32_AIFRARM/STM_Tutorial/FreeRTOSTest/utils/inc/cf_math.h:85:21:arm_sqrt	32	static
D:/STM32_AIFRARM/STM_Tutorial/FreeRTOSTest/utils/inc/cf_math.h:112:20:mat_scale	32	static
../modules/src/kalman_core/kalman_core.c:109:13:assertStateNotNaN	16	static
../modules/src/kalman_core/kalman_core.c:123:6:kalmanCoreDefaultParams	16	static
../modules/src/kalman_core/kalman_core.c:153:6:kalmanCoreInit	48	static
../modules/src/kalman_core/kalman_core.c:210:6:kalmanCoreScalarUpdate	72	static
../modules/src/kalman_core/kalman_core.c:284:6:kalmanCoreUpdateWithPKE	720	static
../modules/src/kalman_core/kalman_core.c:321:6:kalmanCoreUpdateWithBaro	72	static
../modules/src/kalman_core/kalman_core.c:338:13:predictDt	144	static
../modules/src/kalman_core/kalman_core.c:575:6:kalmanCorePredict	32	static
../modules/src/kalman_core/kalman_core.c:582:13:addProcessNoiseDt	40	static
../modules/src/kalman_core/kalman_core.c:612:6:kalmanCoreAddProcessNoise	32	static
../modules/src/kalman_core/kalman_core.c:622:6:kalmanCoreFinalize	96	static
../modules/src/kalman_core/kalman_core.c:745:6:kalmanCoreExternalizeState	128	static
../modules/src/kalman_core/kalman_core.c:796:13:decoupleState	24	static
../modules/src/kalman_core/kalman_core.c:809:6:kalmanCoreDecoupleXY	16	static
