../FreeRTOS/portable/GCC/ARM_CM4F/port.c:187:15:pxPortInitialiseStack	24	static
../FreeRTOS/portable/GCC/ARM_CM4F/port.c:219:13:prvTaskExitError	16	static,ignoring_inline_asm
../FreeRTOS/portable/GCC/ARM_CM4F/port.c:245:6:SVC_Handler	0	static,ignoring_inline_asm
../FreeRTOS/portable/GCC/ARM_CM4F/port.c:264:13:prvPortStartFirstTask	0	static,ignoring_inline_asm
../FreeRTOS/portable/GCC/ARM_CM4F/port.c:291:12:xPortStartScheduler	24	static
../FreeRTOS/portable/GCC/ARM_CM4F/port.c:400:6:vPortEndScheduler	8	static
../FreeRTOS/portable/GCC/ARM_CM4F/port.c:408:6:vPortEnterCritical	16	static,ignoring_inline_asm
../FreeRTOS/portable/GCC/ARM_CM4F/port.c:425:6:vPortExitCritical	16	static,ignoring_inline_asm
../FreeRTOS/portable/GCC/ARM_CM4F/port.c:437:6:PendSV_Handler	0	static,ignoring_inline_asm
../FreeRTOS/portable/GCC/ARM_CM4F/port.c:494:6:tickFreeRTOS	16	static,ignoring_inline_asm
../FreeRTOS/portable/GCC/ARM_CM4F/port.c:688:32:vPortSetupTimerInterrupt	4	static
../FreeRTOS/portable/GCC/ARM_CM4F/port.c:710:13:vPortEnableVFP	0	static,ignoring_inline_asm
../FreeRTOS/portable/GCC/ARM_CM4F/port.c:727:10:vPortValidateInterruptPriority	16	static,ignoring_inline_asm
