../deck/deck_spi/src/deck_spi.c:54:6:spiBegin	8	static
../deck/deck_spi/src/deck_spi.c:65:13:spiDMAInit	16	static
../deck/deck_spi/src/deck_spi.c:78:6:spiTest	4	static
../deck/deck_spi/src/deck_spi.c:83:6:spiExchange	32	static
../deck/deck_spi/src/deck_spi.c:98:6:spiBeginTransaction	8	static
../deck/deck_spi/src/deck_spi.c:103:6:spiEndTransaction	8	static
../deck/deck_spi/src/deck_spi.c:108:28:DMA1_Stream0_IRQHandler	16	static,ignoring_inline_asm
../deck/deck_spi/src/deck_spi.c:123:28:DMA1_Stream5_IRQHandler	16	static,ignoring_inline_asm
../deck/deck_spi/src/deck_spi.c:138:6:SPI3_IRQHandler	8	static
