../vl53l1/core/src/vl53l1_api_preset_modes.c:53:14:VL53L1_init_refspadchar_config_struct	24	static
../vl53l1/core/src/vl53l1_api_preset_modes.c:94:14:VL53L1_init_ssc_config_struct	24	static
../vl53l1/core/src/vl53l1_api_preset_modes.c:140:14:VL53L1_init_xtalk_config_struct	24	static
../vl53l1/core/src/vl53l1_api_preset_modes.c:215:14:VL53L1_init_offset_cal_config_struct	24	static
../vl53l1/core/src/vl53l1_api_preset_modes.c:257:14:VL53L1_init_tuning_parm_storage_struct	24	static
../vl53l1/core/src/vl53l1_api_preset_modes.c:361:14:VL53L1_preset_mode_standard_ranging	32	static
../vl53l1/core/src/vl53l1_api_preset_modes.c:621:14:VL53L1_preset_mode_standard_ranging_short_range	40	static
../vl53l1/core/src/vl53l1_api_preset_modes.c:697:14:VL53L1_preset_mode_standard_ranging_long_range	40	static
../vl53l1/core/src/vl53l1_api_preset_modes.c:774:14:VL53L1_preset_mode_standard_ranging_mm1_cal	40	static
../vl53l1/core/src/vl53l1_api_preset_modes.c:828:14:VL53L1_preset_mode_standard_ranging_mm2_cal	40	static
../vl53l1/core/src/vl53l1_api_preset_modes.c:883:14:VL53L1_preset_mode_timed_ranging	40	static
../vl53l1/core/src/vl53l1_api_preset_modes.c:955:14:VL53L1_preset_mode_timed_ranging_short_range	40	static
../vl53l1/core/src/vl53l1_api_preset_modes.c:1028:14:VL53L1_preset_mode_timed_ranging_long_range	40	static
../vl53l1/core/src/vl53l1_api_preset_modes.c:1102:14:VL53L1_preset_mode_low_power_auto_ranging	40	static
../vl53l1/core/src/vl53l1_api_preset_modes.c:1155:14:VL53L1_preset_mode_low_power_auto_short_ranging	40	static
../vl53l1/core/src/vl53l1_api_preset_modes.c:1208:14:VL53L1_preset_mode_low_power_auto_long_ranging	40	static
../vl53l1/core/src/vl53l1_api_preset_modes.c:1263:14:VL53L1_preset_mode_singleshot_ranging	40	static
../vl53l1/core/src/vl53l1_api_preset_modes.c:1333:14:VL53L1_preset_mode_olt	40	static
